World Size: 4
GPUs per task: 4
nid008485:260247:260247 [0] NCCL INFO ENV/Plugin: Could not find: libnccl-env.so
nid008485:260247:260247 [0] NCCL INFO NCCL_SOCKET_IFNAME set by environment to hsn
nid008485:260247:260247 [0] NCCL INFO Bootstrap: Using hsn0:10.249.40.40<0>
nid008485:260247:260247 [0] NCCL INFO cudaDriverVersion 13000
nid008485:260247:260247 [0] NCCL INFO NCCL version 2.28.9+cuda13.0
nid008485:260250:260250 [3] NCCL INFO ENV/Plugin: Could not find: libnccl-env.so
nid008485:260250:260250 [3] NCCL INFO cudaDriverVersion 13000
nid008485:260249:260249 [2] NCCL INFO ENV/Plugin: Could not find: libnccl-env.so
nid008485:260249:260249 [2] NCCL INFO cudaDriverVersion 13000
nid008485:260248:260248 [1] NCCL INFO ENV/Plugin: Could not find: libnccl-env.so
nid008485:260248:260248 [1] NCCL INFO cudaDriverVersion 13000
nid008485:260250:260250 [3] NCCL INFO NCCL_SOCKET_IFNAME set by environment to hsn
nid008485:260247:260247 [0] NCCL INFO Comm config Blocking set to 1
nid008485:260249:260249 [2] NCCL INFO NCCL_SOCKET_IFNAME set by environment to hsn
nid008485:260248:260248 [1] NCCL INFO NCCL_SOCKET_IFNAME set by environment to hsn
nid008485:260250:260250 [3] NCCL INFO Bootstrap: Using hsn0:10.249.40.40<0>
nid008485:260249:260249 [2] NCCL INFO Bootstrap: Using hsn0:10.249.40.40<0>
nid008485:260250:260250 [3] NCCL INFO NCCL version 2.28.9+cuda13.0
nid008485:260248:260248 [1] NCCL INFO Bootstrap: Using hsn0:10.249.40.40<0>
nid008485:260248:260248 [1] NCCL INFO NCCL version 2.28.9+cuda13.0
nid008485:260249:260249 [2] NCCL INFO NCCL version 2.28.9+cuda13.0
nid008485:260248:260248 [1] NCCL INFO Comm config Blocking set to 1
nid008485:260249:260249 [2] NCCL INFO Comm config Blocking set to 1
nid008485:260250:260250 [3] NCCL INFO Comm config Blocking set to 1
nid008485:260248:260248 [1] NCCL INFO NET/Plugin: libnccl-net.so: /lib/x86_64-linux-gnu/libnl-route-3.so.200: undefined symbol: nla_nest_end_keep_empty
nid008485:260250:260250 [3] NCCL INFO NET/Plugin: libnccl-net.so: /lib/x86_64-linux-gnu/libnl-route-3.so.200: undefined symbol: nla_nest_end_keep_empty
nid008485:260249:260249 [2] NCCL INFO NET/Plugin: libnccl-net.so: /lib/x86_64-linux-gnu/libnl-route-3.so.200: undefined symbol: nla_nest_end_keep_empty
nid008485:260247:260247 [0] NCCL INFO NET/Plugin: libnccl-net.so: /lib/x86_64-linux-gnu/libnl-route-3.so.200: undefined symbol: nla_nest_end_keep_empty
nid008485:260249:260249 [2] NCCL INFO Failed to open libibverbs.so[.1]
nid008485:260249:260249 [2] NCCL INFO transport/net_ib.cc:852 -> 3
nid008485:260249:260249 [2] NCCL INFO Failed to initialize NET plugin IB
nid008485:260249:260249 [2] NCCL INFO NCCL_SOCKET_IFNAME set by environment to hsn
nid008485:260248:260248 [1] NCCL INFO Failed to open libibverbs.so[.1]
nid008485:260248:260248 [1] NCCL INFO transport/net_ib.cc:852 -> 3
nid008485:260248:260248 [1] NCCL INFO Failed to initialize NET plugin IB
nid008485:260250:260250 [3] NCCL INFO Failed to open libibverbs.so[.1]
nid008485:260248:260248 [1] NCCL INFO NCCL_SOCKET_IFNAME set by environment to hsn
nid008485:260250:260250 [3] NCCL INFO transport/net_ib.cc:852 -> 3
nid008485:260250:260250 [3] NCCL INFO Failed to initialize NET plugin IB
nid008485:260250:260250 [3] NCCL INFO NCCL_SOCKET_IFNAME set by environment to hsn
nid008485:260247:260247 [0] NCCL INFO Failed to open libibverbs.so[.1]
nid008485:260247:260247 [0] NCCL INFO transport/net_ib.cc:852 -> 3
nid008485:260247:260247 [0] NCCL INFO Failed to initialize NET plugin IB
nid008485:260247:260247 [0] NCCL INFO NCCL_SOCKET_IFNAME set by environment to hsn
nid008485:260250:260250 [3] NCCL INFO NET/Socket : Using [0]hsn0:10.249.40.40<0> [1]hsn0:chn:128.55.82.226<0> [2]hsn1:10.249.40.24<0> [3]hsn2:10.249.40.23<0> [4]hsn3:10.249.40.39<0>
nid008485:260250:260250 [3] NCCL INFO Initialized NET plugin Socket
nid008485:260249:260249 [2] NCCL INFO NET/Socket : Using [0]hsn0:10.249.40.40<0> [1]hsn0:chn:128.55.82.226<0> [2]hsn1:10.249.40.24<0> [3]hsn2:10.249.40.23<0> [4]hsn3:10.249.40.39<0>
nid008485:260249:260249 [2] NCCL INFO Initialized NET plugin Socket
nid008485:260248:260248 [1] NCCL INFO NET/Socket : Using [0]hsn0:10.249.40.40<0> [1]hsn0:chn:128.55.82.226<0> [2]hsn1:10.249.40.24<0> [3]hsn2:10.249.40.23<0> [4]hsn3:10.249.40.39<0>
nid008485:260247:260247 [0] NCCL INFO NET/Socket : Using [0]hsn0:10.249.40.40<0> [1]hsn0:chn:128.55.82.226<0> [2]hsn1:10.249.40.24<0> [3]hsn2:10.249.40.23<0> [4]hsn3:10.249.40.39<0>
nid008485:260250:260250 [3] NCCL INFO Assigned NET plugin Socket to comm
nid008485:260248:260248 [1] NCCL INFO Initialized NET plugin Socket
nid008485:260250:260250 [3] NCCL INFO Using network Socket
nid008485:260249:260249 [2] NCCL INFO Assigned NET plugin Socket to comm
nid008485:260249:260249 [2] NCCL INFO Using network Socket
nid008485:260247:260247 [0] NCCL INFO Initialized NET plugin Socket
nid008485:260248:260248 [1] NCCL INFO Assigned NET plugin Socket to comm
nid008485:260248:260248 [1] NCCL INFO Using network Socket
nid008485:260247:260247 [0] NCCL INFO Assigned NET plugin Socket to comm
nid008485:260247:260247 [0] NCCL INFO Using network Socket
nid008485:260250:260250 [3] NCCL INFO ncclCommInitRankConfig comm 0x10e83500 rank 3 nranks 4 cudaDev 3 nvmlDev 3 busId c1000 commId 0x3f653d1d8a52f20 - Init START
nid008485:260249:260249 [2] NCCL INFO ncclCommInitRankConfig comm 0x10e835c0 rank 2 nranks 4 cudaDev 2 nvmlDev 2 busId 82000 commId 0x3f653d1d8a52f20 - Init START
nid008485:260248:260248 [1] NCCL INFO ncclCommInitRankConfig comm 0x10ea3680 rank 1 nranks 4 cudaDev 1 nvmlDev 1 busId 41000 commId 0x3f653d1d8a52f20 - Init START
nid008485:260247:260247 [0] NCCL INFO ncclCommInitRankConfig comm 0xc6d9600 rank 0 nranks 4 cudaDev 0 nvmlDev 0 busId 3000 commId 0x3f653d1d8a52f20 - Init START
nid008485:260249:260249 [2] NCCL INFO RAS client listening socket at ::1<28028>
nid008485:260250:260250 [3] NCCL INFO RAS client listening socket at ::1<28028>
nid008485:260247:260247 [0] NCCL INFO RAS client listening socket at ::1<28028>
nid008485:260248:260248 [1] NCCL INFO RAS client listening socket at ::1<28028>
nid008485:260247:260247 [0] NCCL INFO Bootstrap timings total 0.001435 (create 0.000033, send 0.000109, recv 0.000678, ring 0.000224, delay 0.000008)
nid008485:260250:260250 [3] NCCL INFO Bootstrap timings total 0.001513 (create 0.000044, send 0.000124, recv 0.000609, ring 0.000325, delay 0.000004)
nid008485:260249:260249 [2] NCCL INFO Bootstrap timings total 0.001498 (create 0.000036, send 0.000120, recv 0.000268, ring 0.000342, delay 0.000003)
nid008485:260248:260248 [1] NCCL INFO Bootstrap timings total 0.001484 (create 0.000043, send 0.000135, recv 0.000403, ring 0.000074, delay 0.000003)
nid008485:260248:260248 [1] NCCL INFO ncclTopoGetCpuAffinity: Affinity for GPU 1 is 32-47,96-111. (GPU affinity = 32-47,96-111 ; CPU affinity = 0-127).
nid008485:260248:260248 [1] NCCL INFO NVLS multicast support is not available on dev 1 (NVLS_NCHANNELS 0)
nid008485:260250:260250 [3] NCCL INFO ncclTopoGetCpuAffinity: Affinity for GPU 3 is 0-15,64-79. (GPU affinity = 0-15,64-79 ; CPU affinity = 0-127).
nid008485:260250:260250 [3] NCCL INFO NVLS multicast support is not available on dev 3 (NVLS_NCHANNELS 0)
nid008485:260249:260249 [2] NCCL INFO ncclTopoGetCpuAffinity: Affinity for GPU 2 is 16-31,80-95. (GPU affinity = 16-31,80-95 ; CPU affinity = 0-127).
nid008485:260249:260249 [2] NCCL INFO NVLS multicast support is not available on dev 2 (NVLS_NCHANNELS 0)
nid008485:260247:260247 [0] NCCL INFO ncclTopoGetCpuAffinity: Affinity for GPU 0 is 48-63,112-127. (GPU affinity = 48-63,112-127 ; CPU affinity = 0-127).
nid008485:260247:260247 [0] NCCL INFO NVLS multicast support is not available on dev 0 (NVLS_NCHANNELS 0)
nid008485:260247:260247 [0] NCCL INFO comm 0xc6d9600 rank 0 nRanks 4 nNodes 1 localRanks 4 localRank 0 MNNVL 0
nid008485:260250:260250 [3] NCCL INFO comm 0x10e83500 rank 3 nRanks 4 nNodes 1 localRanks 4 localRank 3 MNNVL 0
nid008485:260249:260249 [2] NCCL INFO comm 0x10e835c0 rank 2 nRanks 4 nNodes 1 localRanks 4 localRank 2 MNNVL 0
nid008485:260248:260248 [1] NCCL INFO comm 0x10ea3680 rank 1 nRanks 4 nNodes 1 localRanks 4 localRank 1 MNNVL 0
nid008485:260247:260247 [0] NCCL INFO Channel 00/24 : 0 3 2 1
nid008485:260247:260247 [0] NCCL INFO Channel 01/24 : 0 3 1 2
nid008485:260247:260247 [0] NCCL INFO Channel 02/24 : 0 2 1 3
nid008485:260247:260247 [0] NCCL INFO Channel 03/24 : 0 2 3 1
nid008485:260247:260247 [0] NCCL INFO Channel 04/24 : 0 1 3 2
nid008485:260247:260247 [0] NCCL INFO Channel 05/24 : 0 1 2 3
nid008485:260247:260247 [0] NCCL INFO Channel 06/24 : 0 3 2 1
nid008485:260247:260247 [0] NCCL INFO Channel 07/24 : 0 3 1 2
nid008485:260247:260247 [0] NCCL INFO Channel 08/24 : 0 2 1 3
nid008485:260247:260247 [0] NCCL INFO Channel 09/24 : 0 2 3 1
nid008485:260250:260250 [3] NCCL INFO Trees [0] 2/-1/-1->3->0 [1] 2/-1/-1->3->0 [2] 2/-1/-1->3->0 [3] 2/-1/-1->3->0 [4] 1/-1/-1->3->2 [5] 1/-1/-1->3->2 [6] 1/-1/-1->3->2 [7] 1/-1/-1->3->2 [8] 0/-1/-1->3->-1 [9] 0/-1/-1->3->-1 [10] 0/-1/-1->3->-1 [11] 0/-1/-1->3->-1 [12] 2/-1/-1->3->0 [13] 2/-1/-1->3->0 [14] 2/-1/-1->3->0 [15] 2/-1/-1->3->0 [16] 1/-1/-1->3->2 [17] 1/-1/-1->3->2 [18] 1/-1/-1->3->2 [19] 1/-1/-1->3->2 [20] 0/-1/-1->3->-1 [21] 0/-1/-1->3->-1 [22] 0/-1/-1->3->-1 [23] 0/-1/-1->3->-1
nid008485:260247:260247 [0] NCCL INFO Channel 10/24 : 0 1 3 2
nid008485:260247:260247 [0] NCCL INFO Channel 11/24 : 0 1 2 3
nid008485:260249:260249 [2] NCCL INFO Trees [0] 1/-1/-1->2->3 [1] 1/-1/-1->2->3 [2] 1/-1/-1->2->3 [3] 1/-1/-1->2->3 [4] 3/-1/-1->2->0 [5] 3/-1/-1->2->0 [6] 3/-1/-1->2->0 [7] 3/-1/-1->2->0 [8] -1/-1/-1->2->1 [9] -1/-1/-1->2->1 [10] -1/-1/-1->2->1 [11] -1/-1/-1->2->1 [12] 1/-1/-1->2->3 [13] 1/-1/-1->2->3 [14] 1/-1/-1->2->3 [15] 1/-1/-1->2->3 [16] 3/-1/-1->2->0 [17] 3/-1/-1->2->0 [18] 3/-1/-1->2->0 [19] 3/-1/-1->2->0 [20] -1/-1/-1->2->1 [21] -1/-1/-1->2->1 [22] -1/-1/-1->2->1 [23] -1/-1/-1->2->1
nid008485:260250:260250 [3] NCCL INFO P2P Chunksize set to 524288
nid008485:260247:260247 [0] NCCL INFO Channel 12/24 : 0 3 2 1
nid008485:260247:260247 [0] NCCL INFO Channel 13/24 : 0 3 1 2
nid008485:260249:260249 [2] NCCL INFO P2P Chunksize set to 524288
nid008485:260247:260247 [0] NCCL INFO Channel 14/24 : 0 2 1 3
nid008485:260247:260247 [0] NCCL INFO Channel 15/24 : 0 2 3 1
nid008485:260247:260247 [0] NCCL INFO Channel 16/24 : 0 1 3 2
nid008485:260247:260247 [0] NCCL INFO Channel 17/24 : 0 1 2 3
nid008485:260247:260247 [0] NCCL INFO Channel 18/24 : 0 3 2 1
nid008485:260248:260248 [1] NCCL INFO Trees [0] -1/-1/-1->1->2 [1] -1/-1/-1->1->2 [2] -1/-1/-1->1->2 [3] -1/-1/-1->1->2 [4] -1/-1/-1->1->3 [5] -1/-1/-1->1->3 [6] -1/-1/-1->1->3 [7] -1/-1/-1->1->3 [8] 2/-1/-1->1->0 [9] 2/-1/-1->1->0 [10] 2/-1/-1->1->0 [11] 2/-1/-1->1->0 [12] -1/-1/-1->1->2 [13] -1/-1/-1->1->2 [14] -1/-1/-1->1->2 [15] -1/-1/-1->1->2 [16] -1/-1/-1->1->3 [17] -1/-1/-1->1->3 [18] -1/-1/-1->1->3 [19] -1/-1/-1->1->3 [20] 2/-1/-1->1->0 [21] 2/-1/-1->1->0 [22] 2/-1/-1->1->0 [23] 2/-1/-1->1->0
nid008485:260247:260247 [0] NCCL INFO Channel 19/24 : 0 3 1 2
nid008485:260247:260247 [0] NCCL INFO Channel 20/24 : 0 2 1 3
nid008485:260248:260248 [1] NCCL INFO P2P Chunksize set to 524288
nid008485:260247:260247 [0] NCCL INFO Channel 21/24 : 0 2 3 1
nid008485:260247:260247 [0] NCCL INFO Channel 22/24 : 0 1 3 2
nid008485:260247:260247 [0] NCCL INFO Channel 23/24 : 0 1 2 3
nid008485:260247:260247 [0] NCCL INFO Trees [0] 3/-1/-1->0->-1 [1] 3/-1/-1->0->-1 [2] 3/-1/-1->0->-1 [3] 3/-1/-1->0->-1 [4] 2/-1/-1->0->-1 [5] 2/-1/-1->0->-1 [6] 2/-1/-1->0->-1 [7] 2/-1/-1->0->-1 [8] 1/-1/-1->0->3 [9] 1/-1/-1->0->3 [10] 1/-1/-1->0->3 [11] 1/-1/-1->0->3 [12] 3/-1/-1->0->-1 [13] 3/-1/-1->0->-1 [14] 3/-1/-1->0->-1 [15] 3/-1/-1->0->-1 [16] 2/-1/-1->0->-1 [17] 2/-1/-1->0->-1 [18] 2/-1/-1->0->-1 [19] 2/-1/-1->0->-1 [20] 1/-1/-1->0->3 [21] 1/-1/-1->0->3 [22] 1/-1/-1->0->3 [23] 1/-1/-1->0->3
nid008485:260247:260247 [0] NCCL INFO P2P Chunksize set to 524288
nid008485:260248:260248 [1] NCCL INFO PROFILER/Plugin: Could not find: libnccl-profiler.so
nid008485:260249:260249 [2] NCCL INFO PROFILER/Plugin: Could not find: libnccl-profiler.so
nid008485:260248:260248 [1] NCCL INFO Check P2P Type isAllDirectP2p 1 directMode 0 isAllCudaP2p 1
nid008485:260249:260249 [2] NCCL INFO Check P2P Type isAllDirectP2p 1 directMode 0 isAllCudaP2p 1
nid008485:260249:260304 [0] NCCL INFO [Proxy Service] Device 2 CPU core 24
nid008485:260249:260306 [0] NCCL INFO [Proxy Service UDS] Device 2 CPU core 81
nid008485:260248:260305 [0] NCCL INFO [Proxy Service] Device 1 CPU core 110
nid008485:260248:260307 [0] NCCL INFO [Proxy Service UDS] Device 1 CPU core 98
nid008485:260247:260247 [0] NCCL INFO PROFILER/Plugin: Could not find: libnccl-profiler.so
nid008485:260247:260247 [0] NCCL INFO Check P2P Type isAllDirectP2p 1 directMode 0 isAllCudaP2p 1
nid008485:260250:260250 [3] NCCL INFO PROFILER/Plugin: Could not find: libnccl-profiler.so
nid008485:260250:260250 [3] NCCL INFO Check P2P Type isAllDirectP2p 1 directMode 0 isAllCudaP2p 1
nid008485:260247:260308 [0] NCCL INFO [Proxy Service] Device 0 CPU core 61
nid008485:260247:260309 [0] NCCL INFO [Proxy Service UDS] Device 0 CPU core 118
nid008485:260250:260310 [0] NCCL INFO [Proxy Service] Device 3 CPU core 74
nid008485:260250:260311 [0] NCCL INFO [Proxy Service UDS] Device 3 CPU core 67
nid008485:260249:260249 [2] NCCL INFO TUNER/Plugin: Could not find: libnccl-tuner.so
nid008485:260249:260249 [2] NCCL INFO threadThresholds 8/8/64 | 32/8/64 | 512 | 512
nid008485:260249:260249 [2] NCCL INFO 24 coll channels, 24 collnet channels, 0 nvls channels, 32 p2p channels, 8 p2p channels per peer
nid008485:260248:260248 [1] NCCL INFO TUNER/Plugin: Could not find: libnccl-tuner.so
nid008485:260248:260248 [1] NCCL INFO threadThresholds 8/8/64 | 32/8/64 | 512 | 512
nid008485:260248:260248 [1] NCCL INFO 24 coll channels, 24 collnet channels, 0 nvls channels, 32 p2p channels, 8 p2p channels per peer
nid008485:260250:260250 [3] NCCL INFO TUNER/Plugin: Could not find: libnccl-tuner.so
nid008485:260250:260250 [3] NCCL INFO threadThresholds 8/8/64 | 32/8/64 | 512 | 512
nid008485:260250:260250 [3] NCCL INFO 24 coll channels, 24 collnet channels, 0 nvls channels, 32 p2p channels, 8 p2p channels per peer
nid008485:260247:260247 [0] NCCL INFO TUNER/Plugin: Could not find: libnccl-tuner.so
nid008485:260247:260247 [0] NCCL INFO threadThresholds 8/8/64 | 32/8/64 | 512 | 512
nid008485:260247:260247 [0] NCCL INFO 24 coll channels, 24 collnet channels, 0 nvls channels, 32 p2p channels, 8 p2p channels per peer
nid008485:260247:260247 [0] NCCL INFO CC Off, workFifoBytes 1048576
nid008485:260250:260250 [3] NCCL INFO ncclCommInitRankConfig comm 0x10e83500 rank 3 nranks 4 cudaDev 3 nvmlDev 3 busId c1000 commId 0x3f653d1d8a52f20 - Init COMPLETE
nid008485:260248:260248 [1] NCCL INFO ncclCommInitRankConfig comm 0x10ea3680 rank 1 nranks 4 cudaDev 1 nvmlDev 1 busId 41000 commId 0x3f653d1d8a52f20 - Init COMPLETE
nid008485:260250:260250 [3] NCCL INFO Init timings - ncclCommInitRankConfig: rank 3 nranks 4 total 0.23 (kernels 0.13, alloc 0.05, bootstrap 0.00, allgathers 0.00, topo 0.01, graphs 0.00, connections 0.02, rest 0.01)
nid008485:260248:260248 [1] NCCL INFO Init timings - ncclCommInitRankConfig: rank 1 nranks 4 total 0.23 (kernels 0.12, alloc 0.06, bootstrap 0.00, allgathers 0.00, topo 0.01, graphs 0.00, connections 0.03, rest 0.01)
nid008485:260249:260249 [2] NCCL INFO ncclCommInitRankConfig comm 0x10e835c0 rank 2 nranks 4 cudaDev 2 nvmlDev 2 busId 82000 commId 0x3f653d1d8a52f20 - Init COMPLETE
nid008485:260247:260247 [0] NCCL INFO ncclCommInitRankConfig comm 0xc6d9600 rank 0 nranks 4 cudaDev 0 nvmlDev 0 busId 3000 commId 0x3f653d1d8a52f20 - Init COMPLETE
nid008485:260247:260247 [0] NCCL INFO Init timings - ncclCommInitRankConfig: rank 0 nranks 4 total 0.24 (kernels 0.13, alloc 0.05, bootstrap 0.00, allgathers 0.00, topo 0.01, graphs 0.00, connections 0.02, rest 0.01)
nid008485:260249:260249 [2] NCCL INFO Init timings - ncclCommInitRankConfig: rank 2 nranks 4 total 0.23 (kernels 0.12, alloc 0.06, bootstrap 0.00, allgathers 0.00, topo 0.01, graphs 0.00, connections 0.03, rest 0.01)
nid008485:260250:260250 [3] NCCL INFO Channel 02/0 : 3[3] -> 0[0] via P2P/CUMEM/read
nid008485:260247:260247 [0] NCCL INFO Channel 04/0 : 0[0] -> 1[1] via P2P/CUMEM/read
nid008485:260248:260248 [1] NCCL INFO Channel 01/0 : 1[1] -> 2[2] via P2P/CUMEM/read
nid008485:260247:260247 [0] NCCL INFO Channel 05/0 : 0[0] -> 1[1] via P2P/CUMEM/read
nid008485:260250:260250 [3] NCCL INFO Channel 05/0 : 3[3] -> 0[0] via P2P/CUMEM/read
nid008485:260248:260248 [1] NCCL INFO Channel 05/0 : 1[1] -> 2[2] via P2P/CUMEM/read
nid008485:260247:260247 [0] NCCL INFO Channel 10/0 : 0[0] -> 1[1] via P2P/CUMEM/read
nid008485:260250:260250 [3] NCCL INFO Channel 08/0 : 3[3] -> 0[0] via P2P/CUMEM/read
nid008485:260250:260250 [3] NCCL INFO Channel 11/0 : 3[3] -> 0[0] via P2P/CUMEM/read
nid008485:260249:260249 [2] NCCL INFO Channel 03/0 : 2[2] -> 3[3] via P2P/CUMEM/read
nid008485:260247:260247 [0] NCCL INFO Channel 11/0 : 0[0] -> 1[1] via P2P/CUMEM/read
nid008485:260248:260248 [1] NCCL INFO Channel 07/0 : 1[1] -> 2[2] via P2P/CUMEM/read
nid008485:260249:260249 [2] NCCL INFO Channel 05/0 : 2[2] -> 3[3] via P2P/CUMEM/read
nid008485:260250:260250 [3] NCCL INFO Channel 14/0 : 3[3] -> 0[0] via P2P/CUMEM/read
nid008485:260247:260247 [0] NCCL INFO Channel 16/0 : 0[0] -> 1[1] via P2P/CUMEM/read
nid008485:260248:260248 [1] NCCL INFO Channel 11/0 : 1[1] -> 2[2] via P2P/CUMEM/read
nid008485:260247:260247 [0] NCCL INFO Channel 17/0 : 0[0] -> 1[1] via P2P/CUMEM/read
nid008485:260250:260250 [3] NCCL INFO Channel 17/0 : 3[3] -> 0[0] via P2P/CUMEM/read
nid008485:260249:260249 [2] NCCL INFO Channel 09/0 : 2[2] -> 3[3] via P2P/CUMEM/read
nid008485:260248:260248 [1] NCCL INFO Channel 13/0 : 1[1] -> 2[2] via P2P/CUMEM/read
nid008485:260250:260250 [3] NCCL INFO Channel 20/0 : 3[3] -> 0[0] via P2P/CUMEM/read
nid008485:260247:260247 [0] NCCL INFO Channel 22/0 : 0[0] -> 1[1] via P2P/CUMEM/read
nid008485:260249:260249 [2] NCCL INFO Channel 11/0 : 2[2] -> 3[3] via P2P/CUMEM/read
nid008485:260248:260248 [1] NCCL INFO Channel 17/0 : 1[1] -> 2[2] via P2P/CUMEM/read
nid008485:260247:260247 [0] NCCL INFO Channel 23/0 : 0[0] -> 1[1] via P2P/CUMEM/read
nid008485:260250:260250 [3] NCCL INFO Channel 23/0 : 3[3] -> 0[0] via P2P/CUMEM/read
nid008485:260249:260249 [2] NCCL INFO Channel 15/0 : 2[2] -> 3[3] via P2P/CUMEM/read
nid008485:260248:260248 [1] NCCL INFO Channel 19/0 : 1[1] -> 2[2] via P2P/CUMEM/read
nid008485:260248:260248 [1] NCCL INFO Channel 23/0 : 1[1] -> 2[2] via P2P/CUMEM/read
nid008485:260249:260249 [2] NCCL INFO Channel 17/0 : 2[2] -> 3[3] via P2P/CUMEM/read
nid008485:260249:260249 [2] NCCL INFO Channel 21/0 : 2[2] -> 3[3] via P2P/CUMEM/read
nid008485:260249:260249 [2] NCCL INFO Channel 23/0 : 2[2] -> 3[3] via P2P/CUMEM/read
nid008485:260247:260247 [0] NCCL INFO Channel 02/0 : 0[0] -> 2[2] via P2P/CUMEM/read
nid008485:260247:260247 [0] NCCL INFO Channel 03/0 : 0[0] -> 2[2] via P2P/CUMEM/read
nid008485:260247:260247 [0] NCCL INFO Channel 08/0 : 0[0] -> 2[2] via P2P/CUMEM/read
nid008485:260250:260250 [3] NCCL INFO Channel 01/0 : 3[3] -> 1[1] via P2P/CUMEM/read
nid008485:260247:260247 [0] NCCL INFO Channel 09/0 : 0[0] -> 2[2] via P2P/CUMEM/read
nid008485:260248:260248 [1] NCCL INFO Channel 02/0 : 1[1] -> 3[3] via P2P/CUMEM/read
nid008485:260250:260250 [3] NCCL INFO Channel 03/0 : 3[3] -> 1[1] via P2P/CUMEM/read
nid008485:260247:260247 [0] NCCL INFO Channel 14/0 : 0[0] -> 2[2] via P2P/CUMEM/read
nid008485:260249:260249 [2] NCCL INFO Channel 01/0 : 2[2] -> 0[0] via P2P/CUMEM/read
nid008485:260250:260250 [3] NCCL INFO Channel 07/0 : 3[3] -> 1[1] via P2P/CUMEM/read
nid008485:260248:260248 [1] NCCL INFO Channel 04/0 : 1[1] -> 3[3] via P2P/CUMEM/read
nid008485:260247:260247 [0] NCCL INFO Channel 15/0 : 0[0] -> 2[2] via P2P/CUMEM/read
nid008485:260250:260250 [3] NCCL INFO Channel 09/0 : 3[3] -> 1[1] via P2P/CUMEM/read
nid008485:260249:260249 [2] NCCL INFO Channel 04/0 : 2[2] -> 0[0] via P2P/CUMEM/read
nid008485:260247:260247 [0] NCCL INFO Channel 20/0 : 0[0] -> 2[2] via P2P/CUMEM/read
nid008485:260248:260248 [1] NCCL INFO Channel 08/0 : 1[1] -> 3[3] via P2P/CUMEM/read
nid008485:260250:260250 [3] NCCL INFO Channel 13/0 : 3[3] -> 1[1] via P2P/CUMEM/read
nid008485:260247:260247 [0] NCCL INFO Channel 21/0 : 0[0] -> 2[2] via P2P/CUMEM/read
nid008485:260248:260248 [1] NCCL INFO Channel 10/0 : 1[1] -> 3[3] via P2P/CUMEM/read
nid008485:260249:260249 [2] NCCL INFO Channel 07/0 : 2[2] -> 0[0] via P2P/CUMEM/read
nid008485:260250:260250 [3] NCCL INFO Channel 15/0 : 3[3] -> 1[1] via P2P/CUMEM/read
nid008485:260248:260248 [1] NCCL INFO Channel 14/0 : 1[1] -> 3[3] via P2P/CUMEM/read
nid008485:260250:260250 [3] NCCL INFO Channel 19/0 : 3[3] -> 1[1] via P2P/CUMEM/read
nid008485:260249:260249 [2] NCCL INFO Channel 10/0 : 2[2] -> 0[0] via P2P/CUMEM/read
nid008485:260248:260248 [1] NCCL INFO Channel 16/0 : 1[1] -> 3[3] via P2P/CUMEM/read
nid008485:260250:260250 [3] NCCL INFO Channel 21/0 : 3[3] -> 1[1] via P2P/CUMEM/read
nid008485:260249:260249 [2] NCCL INFO Channel 13/0 : 2[2] -> 0[0] via P2P/CUMEM/read
nid008485:260248:260248 [1] NCCL INFO Channel 20/0 : 1[1] -> 3[3] via P2P/CUMEM/read
nid008485:260249:260249 [2] NCCL INFO Channel 16/0 : 2[2] -> 0[0] via P2P/CUMEM/read
nid008485:260248:260248 [1] NCCL INFO Channel 22/0 : 1[1] -> 3[3] via P2P/CUMEM/read
nid008485:260249:260249 [2] NCCL INFO Channel 19/0 : 2[2] -> 0[0] via P2P/CUMEM/read
nid008485:260249:260249 [2] NCCL INFO Channel 22/0 : 2[2] -> 0[0] via P2P/CUMEM/read
nid008485:260250:260250 [3] NCCL INFO Channel 00/0 : 3[3] -> 2[2] via P2P/CUMEM/read
nid008485:260250:260250 [3] NCCL INFO Channel 04/0 : 3[3] -> 2[2] via P2P/CUMEM/read
nid008485:260248:260248 [1] NCCL INFO Channel 00/0 : 1[1] -> 0[0] via P2P/CUMEM/read
nid008485:260250:260250 [3] NCCL INFO Channel 06/0 : 3[3] -> 2[2] via P2P/CUMEM/read
nid008485:260247:260247 [0] NCCL INFO Channel 00/0 : 0[0] -> 3[3] via P2P/CUMEM/read
nid008485:260248:260248 [1] NCCL INFO Channel 03/0 : 1[1] -> 0[0] via P2P/CUMEM/read
nid008485:260250:260250 [3] NCCL INFO Channel 10/0 : 3[3] -> 2[2] via P2P/CUMEM/read
nid008485:260247:260247 [0] NCCL INFO Channel 01/0 : 0[0] -> 3[3] via P2P/CUMEM/read
nid008485:260248:260248 [1] NCCL INFO Channel 06/0 : 1[1] -> 0[0] via P2P/CUMEM/read
nid008485:260250:260250 [3] NCCL INFO Channel 12/0 : 3[3] -> 2[2] via P2P/CUMEM/read
nid008485:260249:260249 [2] NCCL INFO Channel 00/0 : 2[2] -> 1[1] via P2P/CUMEM/read
nid008485:260247:260247 [0] NCCL INFO Channel 06/0 : 0[0] -> 3[3] via P2P/CUMEM/read
nid008485:260248:260248 [1] NCCL INFO Channel 09/0 : 1[1] -> 0[0] via P2P/CUMEM/read
nid008485:260250:260250 [3] NCCL INFO Channel 16/0 : 3[3] -> 2[2] via P2P/CUMEM/read
nid008485:260247:260247 [0] NCCL INFO Channel 07/0 : 0[0] -> 3[3] via P2P/CUMEM/read
nid008485:260249:260249 [2] NCCL INFO Channel 02/0 : 2[2] -> 1[1] via P2P/CUMEM/read
nid008485:260250:260250 [3] NCCL INFO Channel 18/0 : 3[3] -> 2[2] via P2P/CUMEM/read
nid008485:260248:260248 [1] NCCL INFO Channel 12/0 : 1[1] -> 0[0] via P2P/CUMEM/read
nid008485:260247:260247 [0] NCCL INFO Channel 12/0 : 0[0] -> 3[3] via P2P/CUMEM/read
nid008485:260249:260249 [2] NCCL INFO Channel 06/0 : 2[2] -> 1[1] via P2P/CUMEM/read
nid008485:260250:260250 [3] NCCL INFO Channel 22/0 : 3[3] -> 2[2] via P2P/CUMEM/read
nid008485:260247:260247 [0] NCCL INFO Channel 13/0 : 0[0] -> 3[3] via P2P/CUMEM/read
nid008485:260248:260248 [1] NCCL INFO Channel 15/0 : 1[1] -> 0[0] via P2P/CUMEM/read
nid008485:260249:260249 [2] NCCL INFO Channel 08/0 : 2[2] -> 1[1] via P2P/CUMEM/read
nid008485:260247:260247 [0] NCCL INFO Channel 18/0 : 0[0] -> 3[3] via P2P/CUMEM/read
nid008485:260248:260248 [1] NCCL INFO Channel 18/0 : 1[1] -> 0[0] via P2P/CUMEM/read
nid008485:260247:260247 [0] NCCL INFO Channel 19/0 : 0[0] -> 3[3] via P2P/CUMEM/read
nid008485:260249:260249 [2] NCCL INFO Channel 12/0 : 2[2] -> 1[1] via P2P/CUMEM/read
nid008485:260248:260248 [1] NCCL INFO Channel 21/0 : 1[1] -> 0[0] via P2P/CUMEM/read
nid008485:260249:260249 [2] NCCL INFO Channel 14/0 : 2[2] -> 1[1] via P2P/CUMEM/read
nid008485:260249:260249 [2] NCCL INFO Channel 18/0 : 2[2] -> 1[1] via P2P/CUMEM/read
nid008485:260249:260249 [2] NCCL INFO Channel 20/0 : 2[2] -> 1[1] via P2P/CUMEM/read
nid008485:260248:260248 [1] NCCL INFO Connected all rings, use ring PXN 0 GDR 1
nid008485:260250:260250 [3] NCCL INFO Connected all rings, use ring PXN 0 GDR 1
nid008485:260247:260247 [0] NCCL INFO Connected all rings, use ring PXN 0 GDR 1
nid008485:260249:260249 [2] NCCL INFO Connected all rings, use ring PXN 0 GDR 1
Starting distributed training on 11984 slices...
  0%|          | 0/187 [00:00<?, ?it/s][rank3]:[W401 21:08:34.135580457 reducer.cpp:1502] Warning: find_unused_parameters=True was specified in DDP constructor, but did not find any unused parameters in the forward pass. This flag results in an extra traversal of the autograd graph every iteration,  which can adversely affect performance. If your model indeed never has any unused parameters in the forward pass, consider turning this flag off. Note that this warning may be a false positive if your model has flow control causing later iterations to have unused parameters. (function operator())
[rank2]:[W401 21:08:34.135585938 reducer.cpp:1502] Warning: find_unused_parameters=True was specified in DDP constructor, but did not find any unused parameters in the forward pass. This flag results in an extra traversal of the autograd graph every iteration,  which can adversely affect performance. If your model indeed never has any unused parameters in the forward pass, consider turning this flag off. Note that this warning may be a false positive if your model has flow control causing later iterations to have unused parameters. (function operator())
[rank1]:[W401 21:08:34.135583283 reducer.cpp:1502] Warning: find_unused_parameters=True was specified in DDP constructor, but did not find any unused parameters in the forward pass. This flag results in an extra traversal of the autograd graph every iteration,  which can adversely affect performance. If your model indeed never has any unused parameters in the forward pass, consider turning this flag off. Note that this warning may be a false positive if your model has flow control causing later iterations to have unused parameters. (function operator())
[rank0]:[W401 21:08:34.135741489 reducer.cpp:1502] Warning: find_unused_parameters=True was specified in DDP constructor, but did not find any unused parameters in the forward pass. This flag results in an extra traversal of the autograd graph every iteration,  which can adversely affect performance. If your model indeed never has any unused parameters in the forward pass, consider turning this flag off. Note that this warning may be a false positive if your model has flow control causing later iterations to have unused parameters. (function operator())
  1%|          | 1/187 [01:34<4:52:13, 94.26s/it]  1%|          | 2/187 [01:39<2:08:39, 41.73s/it]  3%|▎         | 5/187 [02:14<1:01:20, 20.22s/it]  3%|▎         | 6/187 [02:28<56:13, 18.64s/it]    4%|▎         | 7/187 [02:58<1:05:26, 21.82s/it]  4%|▍         | 8/187 [03:13<59:00, 19.78s/it]    5%|▍         | 9/187 [03:16<44:59, 15.16s/it]  5%|▌         | 10/187 [03:35<48:08, 16.32s/it]  6%|▌         | 11/187 [03:43<40:08, 13.68s/it]  6%|▋         | 12/187 [04:01<44:18, 15.19s/it]  7%|▋         | 13/187 [04:02<31:22, 10.82s/it]  9%|▊         | 16/187 [04:02<13:40,  4.80s/it]  9%|▉         | 17/187 [04:48<38:07, 13.45s/it] 10%|▉         | 18/187 [04:48<29:16, 10.39s/it] 10%|█         | 19/187 [04:49<22:23,  8.00s/it] 11%|█         | 20/187 [04:49<16:36,  5.97s/it][2026-04-02T04:12:38.336] error: *** STEP 50864718.0 ON nid008485 CANCELLED AT 2026-04-02T04:12:38 DUE to SIGNAL Terminated ***
[2026-04-02T04:12:38.337] error: *** JOB 50864718 ON nid008485 CANCELLED AT 2026-04-02T04:12:38 DUE to SIGNAL Terminated ***
